16:01:06 **** Build of configuration Debug for project ws2812b ****
make -j8 all 
arm-none-eabi-gcc -mcpu=cortex-m0 -g3 -c -x assembler-with-cpp -MMD -MP -MF"startup/startup_stm32.d" -MT"startup/startup_stm32.o" --specs=nano.specs -mfloat-abi=soft -mthumb -o "startup/startup_stm32.o" "../startup/startup_stm32.s"
arm-none-eabi-gcc "../startup/sysmem.c" -mcpu=cortex-m0 -std=gnu11 -g3 -DSTM32 -DSTM32F0 -DSTM32F030F4Px -DSTM32F030 -DDEBUG -c -I"N:/PUTSolarDynamics/Klara/Dashboard/ws2812b/inc" -O0 -ffunction-sections -Wall -fstack-usage -MMD -MP -MF"startup/sysmem.d" -MT"startup/sysmem.o" --specs=nano.specs -mfloat-abi=soft -mthumb -o "startup/sysmem.o"
arm-none-eabi-gcc "../src/delay.c" -mcpu=cortex-m0 -std=gnu11 -g3 -DSTM32 -DSTM32F0 -DSTM32F030F4Px -DSTM32F030 -DDEBUG -c -I"N:/PUTSolarDynamics/Klara/Dashboard/ws2812b/inc" -O0 -ffunction-sections -Wall -fstack-usage -MMD -MP -MF"src/delay.d" -MT"src/delay.o" --specs=nano.specs -mfloat-abi=soft -mthumb -o "src/delay.o"
arm-none-eabi-gcc "../src/main.c" -mcpu=cortex-m0 -std=gnu11 -g3 -DSTM32 -DSTM32F0 -DSTM32F030F4Px -DSTM32F030 -DDEBUG -c -I"N:/PUTSolarDynamics/Klara/Dashboard/ws2812b/inc" -O0 -ffunction-sections -Wall -fstack-usage -MMD -MP -MF"src/main.d" -MT"src/main.o" --specs=nano.specs -mfloat-abi=soft -mthumb -o "src/main.o"
arm-none-eabi-g++ -o "ws2812b.elf" @"objects.list"   -mcpu=cortex-m0 -T"N:\PUTSolarDynamics\Klara\Dashboard\ws2812b/LinkerScript.ld" --specs=nosys.specs -Wl,-Map="ws2812b.map" -Wl,--gc-sections -static --specs=nano.specs -mfloat-abi=soft -mthumb -Wl,--start-group -lc -lm -lstdc++ -lsupc++ -Wl,--end-group
Finished building target: ws2812b.elf
 
arm-none-eabi-size   ws2812b.elf 
arm-none-eabi-objdump -h -S  ws2812b.elf  > "ws2812b.list"
arm-none-eabi-objcopy  -O binary  ws2812b.elf  "ws2812b.bin"
   text	   data	    bss	    dec	    hex	filename
   6900	     20	   1108	   8028	   1f5c	ws2812b.elf
Finished building: default.size.stdout
 
Finished building: ws2812b.list
Finished building: ws2812b.bin
 
 

16:01:07 Build Finished. 0 errors, 0 warnings. (took 989ms)

